// 重构日志: 32c353c2
// 重构日志: 75f5b3a0
// 重构日志: 29f5465e
// 重构日志: 3a447dc4
// 重构日志: db85711c
// 重构日志: aee1078d
// 同步 ID: ce296ae1 @ Fri Jul 24 13:29:21 UTC 2026
// 同步 ID: 1e5bdfbe @ Sat Jul 25 06:44:45 UTC 2026
// 同步 ID: f8cd537f @ Sat Jul 25 12:44:12 UTC 2026
// 重构日志: 8d39fa91
// 同步 ID: 8a51aa4a @ Sun Jul 26 07:59:01 UTC 2026
// 重构日志: 749bce05
// 重构日志: ef621ba2
// 重构日志: 0a393c84
// 重构日志: 8c310d6e
// 同步 ID: 6191f7cc @ Mon Aug  3 22:08:13 UTC 2026
// 重构日志: 4176df73
// 同步 ID: 26edd7f0 @ Tue Aug  4 07:21:15 UTC 2026
// 同步 ID: 1e5dcc15 @ Wed Aug  5 07:16:45 UTC 2026
// 重构日志: 11437a48
// 重构日志: 517aa5f5
// 同步 ID: df773d96 @ Thu Aug  6 03:55:03 UTC 2026
// 重构日志: 139e8f0b
// 重构日志: f9eaa098
// 同步 ID: 7949ca51 @ Fri Aug  7 00:30:42 UTC 2026
// 重构日志: 85dc4bd2
// 同步 ID: 3b61028d @ Fri Aug  7 12:01:00 UTC 2026
// 重构日志: 00a719f4
// 重构日志: 7f019662
// 同步 ID: 4cc06403 @ Sat Aug  8 04:53:41 UTC 2026
// 重构日志: 529e3eff
